
Install with npx skills add <owner/repo@skill>

eachlabs/skills@comic-panel-generation 818 installs
â”” https://skills.sh/eachlabs/skills/comic-panel-generation

freestylefly/canghe-skills@canghe-comic 564 installs
â”” https://skills.sh/freestylefly/canghe-skills/canghe-comic

akillness/jeo-skills@webtoon-harness 91 installs
â”” https://skills.sh/akillness/jeo-skills/webtoon-harness

gpttang/skill-atlas@comic-creator 25 installs
â”” https://skills.sh/gpttang/skill-atlas/comic-creator

spacezephyr/myskill@baoyu-comic 17 installs
â”” https://skills.sh/spacezephyr/myskill/baoyu-comic

akillness/jeo-skills@drama-skills 14 installs
â”” https://skills.sh/akillness/jeo-skills/drama-skills

huangserva/servasyy_skills@comic-generator 7 installs
â”” https://skills.sh/huangserva/servasyy_skills/comic-generator

lensetek/fiction-book-agent-skills@comic-webtoon-scriptwriter 6 installs
â”” https://skills.sh/lensetek/fiction-book-agent-skills/comic-webtoon-scriptwriter

pixelab-ch/higgsfield-skills@higgsfield-comic-to-video 6 installs
â”” https://skills.sh/pixelab-ch/higgsfield-skills/higgsfield-comic-to-video

lensetek/fiction-book-agent-skills@fiction-book-orchestrator 6 installs
â”” https://skills.sh/lensetek/fiction-book-agent-skills/fiction-book-orchestrator

revfactory/webtoon-harness@webtoon-orchestrator 1 install
â”” https://skills.sh/revfactory/webtoon-harness/webtoon-orchestrator

revfactory/webtoon-harness@webtoon-panel-breakdown 1 install
â”” https://skills.sh/revfactory/webtoon-harness/webtoon-panel-breakdown

revfactory/webtoon-harness@webtoon-panel-render 1 install
â”” https://skills.sh/revfactory/webtoon-harness/webtoon-panel-render

revfactory/webtoon-harness@webtoon-assembly 1 install
â”” https://skills.sh/revfactory/webtoon-harness/webtoon-assembly

modu-ai/moai-cowork@story-webtoon-planner 1 install
â”” https://skills.sh/modu-ai/moai-cowork/story-webtoon-planner

modu-ai/moai-cowork@story-webtoon-art 1 install
â”” https://skills.sh/modu-ai/moai-cowork/story-webtoon-art

modu-ai/moai-cowork@story-webtoon-spec 1 install
â”” https://skills.sh/modu-ai/moai-cowork/story-webtoon-spec

modu-ai/moai-cowork@story-webtoon-episode 1 install
â”” https://skills.sh/modu-ai/moai-cowork/story-webtoon-episode

modu-ai/moai-cowork@story-webtoon-qc 1 install
â”” https://skills.sh/modu-ai/moai-cowork/story-webtoon-qc

modu-ai/moai-cowork@story-webtoon-lettering 1 install
â”” https://skills.sh/modu-ai/moai-cowork/story-webtoon-lettering



